// Jest Snapshot v1, https://goo.gl/fbAQLP

exports[`Editor linenumbers 1`] = `
<DocumentFragment>
  <div
    class="prism-editor-wrapper"
  >
    <div
      aria-hidden="true"
      class="prism-editor__line-numbers"
      style="min-height: 20px;"
    >
      <div
        class="prism-editor__line-width-calc"
        style="height: 0px; visibility: hidden; pointer-events: none;"
      >
        999
      </div>
      <div
        class="prism-editor__line-number token comment"
      >
        1
      </div>
    </div>
    <div
      class="prism-editor__container"
    >
      <textarea
        autocapitalize="off"
        autocomplete="off"
        autocorrect="off"
        class="prism-editor__textarea"
        data-gramm="false"
        data-testid="textarea"
        placeholder=""
        spellcheck="false"
      />
      <pre
        class="prism-editor__editor"
        data-testid="preview"
      >
        <span
          class="customHighlighter"
        >
          initialCode
        </span>
        <br />
      </pre>
    </div>
  </div>
</DocumentFragment>
`;

exports[`Editor prism higlight works 1`] = `
<DocumentFragment>
  <div
    class="prism-editor-wrapper"
  >
    <div
      class="prism-editor__container"
    >
      <textarea
        autocapitalize="off"
        autocomplete="off"
        autocorrect="off"
        class="prism-editor__textarea"
        data-gramm="false"
        data-testid="textarea"
        placeholder=""
        spellcheck="false"
      />
      <pre
        class="prism-editor__editor"
        data-testid="preview"
      >
        <span
          class="token tag"
        >
          <span
            class="token tag"
          >
            <span
              class="token punctuation"
            >
              &lt;
            </span>
            template
          </span>
          <span
            class="token punctuation"
          >
            &gt;
          </span>
        </span>
        <span
          class="token tag"
        >
          <span
            class="token tag"
          >
            <span
              class="token punctuation"
            >
              &lt;
            </span>
            div
          </span>
          <span
            class="token punctuation"
          >
            &gt;
          </span>
        </span>
        hey
        <span
          class="token tag"
        >
          <span
            class="token tag"
          >
            <span
              class="token punctuation"
            >
              &lt;/
            </span>
            div
          </span>
          <span
            class="token punctuation"
          >
            &gt;
          </span>
        </span>
        <span
          class="token tag"
        >
          <span
            class="token tag"
          >
            <span
              class="token punctuation"
            >
              &lt;/
            </span>
            template
          </span>
          <span
            class="token punctuation"
          >
            &gt;
          </span>
        </span>
        <br />
      </pre>
    </div>
  </div>
</DocumentFragment>
`;

exports[`Editor renders with custom higlighter 1`] = `
<DocumentFragment>
  <div
    class="prism-editor-wrapper"
  >
    <div
      class="prism-editor__container"
    >
      <textarea
        autocapitalize="off"
        autocomplete="off"
        autocorrect="off"
        class="prism-editor__textarea"
        data-gramm="false"
        data-testid="textarea"
        placeholder=""
        spellcheck="false"
      />
      <pre
        class="prism-editor__editor"
        data-testid="preview"
      >
        <span
          class="customHighlighter"
        >
          initialCode
        </span>
        <br />
      </pre>
    </div>
  </div>
</DocumentFragment>
`;

exports[`Editor toggle line numbers 1`] = `
<DocumentFragment>
  <div>
    <div
      class="prism-editor-wrapper"
    >
      <div
        aria-hidden="true"
        class="prism-editor__line-numbers"
        style="min-height: 20px;"
      >
        <div
          class="prism-editor__line-width-calc"
          style="height: 0px; visibility: hidden; pointer-events: none;"
        >
          999
        </div>
        <div
          class="prism-editor__line-number token comment"
        >
          1
        </div>
      </div>
      <div
        class="prism-editor__container"
      >
        <textarea
          autocapitalize="off"
          autocomplete="off"
          autocorrect="off"
          class="prism-editor__textarea"
          data-gramm="false"
          data-testid="textarea"
          placeholder=""
          spellcheck="false"
        />
        <pre
          class="prism-editor__editor"
          data-testid="preview"
        >
          <span
            class="customHighlighter"
          >
            initial code
          </span>
          <br />
        </pre>
      </div>
    </div>
     
    <button
      data-testid="btn"
    >
      toggle linenumbers
    </button>
  </div>
</DocumentFragment>
`;

exports[`Editor toggle line numbers 2`] = `
<DocumentFragment>
  <div>
    <div
      class="prism-editor-wrapper"
    >
      <div
        class="prism-editor__container"
        style="font-family: monospace;"
      >
        <textarea
          autocapitalize="off"
          autocomplete="off"
          autocorrect="off"
          class="prism-editor__textarea"
          data-gramm="false"
          data-testid="textarea"
          placeholder=""
          spellcheck="false"
        />
        <pre
          class="prism-editor__editor"
          data-testid="preview"
        >
          <span
            class="customHighlighter"
          >
            initial code
          </span>
          <br />
        </pre>
      </div>
    </div>
     
    <button
      data-testid="btn"
    >
      toggle linenumbers
    </button>
  </div>
</DocumentFragment>
`;
